// Jest Snapshot v1, https://goo.gl/fbAQLP

exports[`getUserById returns an existing user 1`] = `
{
  "about": "GitHub: https://github.com/velut/",
  "createdAt": "2019-04-30T18:22:06.000Z",
  "id": "velut",
  "karma": 9,
  "submittedIds": [
    31704327,
    29696636,
    27712220,
    27121843,
    27112535,
    27112241,
    27107840,
    27107832,
    25497292,
    25496976,
  ],
}
`;

exports[`getUserById returns an existing user with no about description 1`] = `
{
  "about": undefined,
  "createdAt": "2018-05-01T16:23:08.000Z",
  "id": "cupar",
  "karma": 3,
  "submittedIds": [
    18718091,
    18179893,
    18092359,
    17810102,
  ],
}
`;
